


ARM Macro Assembler    Page 1 


    1 00000000                 PRESERVE8
    2 00000000                 THUMB
    3 00000000         
    4 00000000                 import           Son
    5 00000000         ; ====================== zone de réservation de données,
                         ======================================
    6 00000000         ;Section RAM (read only) :
    7 00000000                 area             mesdata,data,readonly
    8 00000000         
    9 00000000         
   10 00000000         ;Section RAM (read write):
   11 00000000                 area             maram,data,readwrite
   12 00000000 00 00   SortieSon
                               dcw              0
   13 00000002 00 00 00000000 
                       Iterateur
                               dcd              0
   14 00000008                 export           CallbackSon
   15 00000008                 export           SortieSon
   16 00000008                 export           Iterateur
   17 00000008         ; ======================================================
                       =========================================
   18 00000008         
   19 00000008         
   20 00000008         
   21 00000008         
   22 00000008         ;Section ROM code (read only) :  
   23 00000008                 area             moncode,code,readonly
   24 00000000         ; écrire le code ici
   25 00000000         
   26 00000000         CallbackSon
                               proc
   27 00000000 480A            ldr              R0,=Son
   28 00000002 4B0B            ldr              R3,=Iterateur
   29 00000004 681B            ldr              R3,[R3]
   30 00000006 F642 3110       mov              R1,#0x2B10
   31 0000000A 4299            cmp              R1,R3
   32 0000000C D00D            beq              fin
   33 0000000E 5EC0            ldrsh            R0,[R0,R3]
   34 00000010 4A08            ldr              R2,=SortieSon
   35 00000012 F500 4000       add              R0,#32768
   36 00000016 F04F 015B       mov              R1,#91
   37 0000001A FB90 F0F1       sdiv             R0,R0,R1
   38 0000001E 6010            str              R0,[R2]
   39 00000020         
   40 00000020 4B03            ldr              R3,=Iterateur
   41 00000022 6819            ldr              R1,[R3]
   42 00000024 F101 0102       add              R1,#2
   43 00000028 6019            str              R1,[R3]
   44 0000002A         fin
   45 0000002A 4770            bx               lr
   46 0000002C                 endp
   47 0000002C                 END
              00000000 
              00000000 
              00000000 
Command Line: --debug --xref --diag_suppress=9931 --cpu=Cortex-M3 --apcs=interw
ork --depend=.\obj\gestionson.d -o.\obj\gestionson.o -I.\RTE\_Simu -IC:\Program
data\Keil\Arm\Packs\ARM\CMSIS\5.7.0\CMSIS\Core\Include -IC:\Programdata\Keil\Ar



ARM Macro Assembler    Page 2 


m\Packs\Keil\STM32F1xx_DFP\2.3.0\Device\Include --predefine="__EVAL SETA 1" --p
redefine="__MICROLIB SETA 1" --predefine="__UVISION_VERSION SETA 530" --predefi
ne="_RTE_ SETA 1" --predefine="STM32F10X_MD SETA 1" --predefine="_RTE_ SETA 1" 
--list=gestionson.lst Src\GestionSon.s



ARM Macro Assembler    Page 1 Alphabetic symbol ordering
Relocatable symbols

mesdata 00000000

Symbol: mesdata
   Definitions
      At line 7 in file Src\GestionSon.s
   Uses
      None
Comment: mesdata unused
1 symbol



ARM Macro Assembler    Page 1 Alphabetic symbol ordering
Relocatable symbols

Iterateur 00000004

Symbol: Iterateur
   Definitions
      At line 13 in file Src\GestionSon.s
   Uses
      At line 16 in file Src\GestionSon.s
      At line 28 in file Src\GestionSon.s
      At line 40 in file Src\GestionSon.s

SortieSon 00000000

Symbol: SortieSon
   Definitions
      At line 12 in file Src\GestionSon.s
   Uses
      At line 15 in file Src\GestionSon.s
      At line 34 in file Src\GestionSon.s

maram 00000000

Symbol: maram
   Definitions
      At line 11 in file Src\GestionSon.s
   Uses
      None
Comment: maram unused
3 symbols



ARM Macro Assembler    Page 1 Alphabetic symbol ordering
Relocatable symbols

CallbackSon 00000000

Symbol: CallbackSon
   Definitions
      At line 26 in file Src\GestionSon.s
   Uses
      At line 14 in file Src\GestionSon.s
Comment: CallbackSon used once
fin 0000002A

Symbol: fin
   Definitions
      At line 44 in file Src\GestionSon.s
   Uses
      At line 32 in file Src\GestionSon.s
Comment: fin used once
moncode 00000000

Symbol: moncode
   Definitions
      At line 23 in file Src\GestionSon.s
   Uses
      None
Comment: moncode unused
3 symbols



ARM Macro Assembler    Page 1 Alphabetic symbol ordering
External symbols

Son 00000000

Symbol: Son
   Definitions
      At line 4 in file Src\GestionSon.s
   Uses
      At line 27 in file Src\GestionSon.s
Comment: Son used once
1 symbol
345 symbols in table
